// Jest Snapshot v1, https://goo.gl/fbAQLP

exports[`<TextField /> renders component 1`] = `
.c0 {
  font-size: 16px;
  font-weight: 400;
}

.c1 {
  width: 100%;
  border: 1px solid #D4D4D4;
  padding: 12px 16px;
  outline: 0;
  border-radius: 8px;
}

<input
  class="c0 c1"
  name="nome"
  placeholder="Nome"
  type="text"
  value="Victor"
/>
`;

exports[`<TextField /> when field is invalid displays the respective error message 1`] = `
.c0 {
  font-size: 16px;
  font-weight: 400;
}

.c1 {
  width: 100%;
  border: 1px solid #D4D4D4;
  padding: 12px 16px;
  outline: 0;
  border-radius: 8px;
  border-color: #EB5C50;
}

.c1 + span {
  color: #EB5C50;
  font-size: 11px;
}

<input
  class="c0 c1"
  name="email"
  placeholder="Email"
  type="text"
  value="victorteste.com"
/>
`;
